2.703212260221376368e+02
2.043207258138621398e+02
2.681158623172128159e+02
2.584153147566622124e+02
2.869800898967170610e+02
2.676326390716346282e+02
2.237734849109059212e+02
2.783714359498698627e+02
2.193515395005985624e+02
2.323096779759300148e+02
2.030910323039326215e+02
1.861061928771362943e+02
1.469467734975810629e+02
1.381863612103011008e+02
1.305595519453536610e+02
1.113002448979670191e+02
8.981817166648686168e+01
6.930081207815811695e+01
6.447699241729401365e+01
6.103316184251869458e+01
4.232754504835593679e+01
2.512039716323270255e+01
2.073983299444793715e+01
5.737549651660568628e+00
